mode: set
github.com/nateranda/djtools/engine/engine.go:147.47,148.19 1 1
github.com/nateranda/djtools/engine/engine.go:148.19,150.3 1 0
github.com/nateranda/djtools/engine/engine.go:151.2,154.16 4 1
github.com/nateranda/djtools/engine/engine.go:154.16,156.3 1 0
github.com/nateranda/djtools/engine/engine.go:158.2,166.46 5 1
github.com/nateranda/djtools/engine/engine.go:166.46,168.3 1 0
github.com/nateranda/djtools/engine/engine.go:168.8,170.3 1 1
github.com/nateranda/djtools/engine/engine.go:174.76,176.16 2 1
github.com/nateranda/djtools/engine/engine.go:176.16,178.3 1 1
github.com/nateranda/djtools/engine/engine.go:179.2,180.16 2 1
github.com/nateranda/djtools/engine/engine.go:180.16,182.3 1 0
github.com/nateranda/djtools/engine/engine.go:183.2,183.21 1 1
github.com/nateranda/djtools/engine/export.go:23.76,25.50 2 1
github.com/nateranda/djtools/engine/export.go:25.50,27.3 1 1
github.com/nateranda/djtools/engine/export.go:29.2,32.23 3 1
github.com/nateranda/djtools/engine/export.go:32.23,35.3 2 1
github.com/nateranda/djtools/engine/export.go:37.2,38.16 2 1
github.com/nateranda/djtools/engine/export.go:38.16,40.3 1 0
github.com/nateranda/djtools/engine/export.go:41.2,44.16 3 1
github.com/nateranda/djtools/engine/export.go:44.16,46.3 1 0
github.com/nateranda/djtools/engine/export.go:47.2,49.46 2 1
github.com/nateranda/djtools/engine/export.go:49.46,51.3 1 0
github.com/nateranda/djtools/engine/export.go:52.2,52.43 1 1
github.com/nateranda/djtools/engine/export.go:52.43,54.3 1 0
github.com/nateranda/djtools/engine/export.go:56.2,56.54 1 1
github.com/nateranda/djtools/engine/export.go:56.54,58.3 1 0
github.com/nateranda/djtools/engine/export.go:59.2,59.51 1 1
github.com/nateranda/djtools/engine/export.go:59.51,61.3 1 0
github.com/nateranda/djtools/engine/export.go:62.2,62.56 1 1
github.com/nateranda/djtools/engine/export.go:62.56,64.3 1 0
github.com/nateranda/djtools/engine/export.go:65.2,65.52 1 1
github.com/nateranda/djtools/engine/export.go:65.52,67.3 1 0
github.com/nateranda/djtools/engine/export.go:68.2,68.53 1 1
github.com/nateranda/djtools/engine/export.go:68.53,70.3 1 0
github.com/nateranda/djtools/engine/export.go:72.2,72.12 1 1
github.com/nateranda/djtools/engine/export.go:75.43,184.2 3 1
github.com/nateranda/djtools/engine/export.go:186.39,196.2 3 1
github.com/nateranda/djtools/engine/export.go:198.63,200.16 2 1
github.com/nateranda/djtools/engine/export.go:200.16,203.3 2 1
github.com/nateranda/djtools/engine/export.go:204.2,205.16 2 1
github.com/nateranda/djtools/engine/export.go:205.16,207.3 1 1
github.com/nateranda/djtools/engine/export.go:208.2,211.12 3 1
github.com/nateranda/djtools/engine/export.go:214.60,215.39 1 1
github.com/nateranda/djtools/engine/export.go:215.39,217.71 2 1
github.com/nateranda/djtools/engine/export.go:217.71,219.4 1 0
github.com/nateranda/djtools/engine/export.go:221.2,221.12 1 1
github.com/nateranda/djtools/engine/export.go:224.65,225.37 1 1
github.com/nateranda/djtools/engine/export.go:225.37,228.27 3 1
github.com/nateranda/djtools/engine/export.go:228.27,230.4 1 1
github.com/nateranda/djtools/engine/export.go:232.3,233.26 2 1
github.com/nateranda/djtools/engine/export.go:233.26,235.4 1 1
github.com/nateranda/djtools/engine/export.go:237.3,261.17 3 1
github.com/nateranda/djtools/engine/export.go:261.17,263.4 1 0
github.com/nateranda/djtools/engine/export.go:266.3,267.22 2 1
github.com/nateranda/djtools/engine/export.go:267.22,269.4 1 1
github.com/nateranda/djtools/engine/export.go:271.3,273.17 3 1
github.com/nateranda/djtools/engine/export.go:273.17,275.4 1 0
github.com/nateranda/djtools/engine/export.go:277.3,279.17 3 1
github.com/nateranda/djtools/engine/export.go:279.17,281.4 1 0
github.com/nateranda/djtools/engine/export.go:283.3,292.17 4 1
github.com/nateranda/djtools/engine/export.go:292.17,294.4 1 0
github.com/nateranda/djtools/engine/export.go:296.2,296.12 1 1
github.com/nateranda/djtools/engine/export.go:299.61,304.62 4 1
github.com/nateranda/djtools/engine/export.go:304.62,306.21 2 1
github.com/nateranda/djtools/engine/export.go:306.21,309.4 2 1
github.com/nateranda/djtools/engine/export.go:311.3,313.73 2 1
github.com/nateranda/djtools/engine/export.go:313.73,315.4 1 0
github.com/nateranda/djtools/engine/export.go:317.3,317.37 1 1
github.com/nateranda/djtools/engine/export.go:317.37,321.29 4 1
github.com/nateranda/djtools/engine/export.go:321.29,323.5 1 1
github.com/nateranda/djtools/engine/export.go:325.4,327.111 2 1
github.com/nateranda/djtools/engine/export.go:327.111,329.5 1 0
github.com/nateranda/djtools/engine/export.go:332.3,332.39 1 1
github.com/nateranda/djtools/engine/export.go:332.39,333.58 1 1
github.com/nateranda/djtools/engine/export.go:333.58,335.5 1 0
github.com/nateranda/djtools/engine/export.go:337.3,337.13 1 1
github.com/nateranda/djtools/engine/export.go:340.2,340.43 1 1
github.com/nateranda/djtools/engine/export.go:340.43,341.52 1 1
github.com/nateranda/djtools/engine/export.go:341.52,343.4 1 0
github.com/nateranda/djtools/engine/export.go:346.2,346.12 1 1
github.com/nateranda/djtools/engine/export.go:349.62,350.40 1 1
github.com/nateranda/djtools/engine/export.go:350.40,353.137 2 1
github.com/nateranda/djtools/engine/export.go:353.137,355.4 1 0
github.com/nateranda/djtools/engine/export.go:357.2,357.12 1 1
github.com/nateranda/djtools/engine/export.go:360.71,376.25 9 1
github.com/nateranda/djtools/engine/export.go:376.25,391.3 7 1
github.com/nateranda/djtools/engine/export.go:394.2,397.25 3 1
github.com/nateranda/djtools/engine/export.go:397.25,408.3 7 1
github.com/nateranda/djtools/engine/export.go:410.2,410.20 1 1
github.com/nateranda/djtools/engine/export.go:413.89,422.25 6 1
github.com/nateranda/djtools/engine/export.go:422.25,424.3 1 1
github.com/nateranda/djtools/engine/export.go:426.2,426.32 1 1
github.com/nateranda/djtools/engine/export.go:426.32,427.39 1 1
github.com/nateranda/djtools/engine/export.go:427.39,441.18 8 1
github.com/nateranda/djtools/engine/export.go:441.18,443.5 1 1
github.com/nateranda/djtools/engine/export.go:444.4,446.26 3 1
github.com/nateranda/djtools/engine/export.go:447.9,450.4 1 1
github.com/nateranda/djtools/engine/export.go:454.2,464.20 6 1
github.com/nateranda/djtools/engine/export.go:467.67,476.26 6 1
github.com/nateranda/djtools/engine/export.go:476.26,478.3 1 1
github.com/nateranda/djtools/engine/export.go:480.2,480.32 1 1
github.com/nateranda/djtools/engine/export.go:480.32,481.40 1 1
github.com/nateranda/djtools/engine/export.go:481.40,499.18 10 1
github.com/nateranda/djtools/engine/export.go:499.18,501.5 1 1
github.com/nateranda/djtools/engine/export.go:502.4,504.26 3 1
github.com/nateranda/djtools/engine/export.go:505.9,508.4 1 1
github.com/nateranda/djtools/engine/export.go:511.2,511.20 1 1
github.com/nateranda/djtools/engine/export.go:514.45,521.41 6 1
github.com/nateranda/djtools/engine/export.go:521.41,523.3 1 0
github.com/nateranda/djtools/engine/export.go:524.2,524.34 1 1
github.com/nateranda/djtools/engine/export.go:524.34,526.3 1 0
github.com/nateranda/djtools/engine/export.go:528.2,528.25 1 1
github.com/nateranda/djtools/engine/importConvert.go:12.102,22.16 8 1
github.com/nateranda/djtools/engine/importConvert.go:22.16,24.3 1 0
github.com/nateranda/djtools/engine/importConvert.go:25.2,26.16 2 1
github.com/nateranda/djtools/engine/importConvert.go:26.16,28.3 1 0
github.com/nateranda/djtools/engine/importConvert.go:29.2,31.16 3 1
github.com/nateranda/djtools/engine/importConvert.go:31.16,33.3 1 0
github.com/nateranda/djtools/engine/importConvert.go:34.2,38.21 3 1
github.com/nateranda/djtools/engine/importConvert.go:41.116,43.33 2 1
github.com/nateranda/djtools/engine/importConvert.go:43.33,45.42 2 1
github.com/nateranda/djtools/engine/importConvert.go:45.42,47.4 1 1
github.com/nateranda/djtools/engine/importConvert.go:47.9,49.18 2 1
github.com/nateranda/djtools/engine/importConvert.go:49.18,51.5 1 0
github.com/nateranda/djtools/engine/importConvert.go:53.3,89.5 1 1
github.com/nateranda/djtools/engine/importConvert.go:91.2,91.12 1 1
github.com/nateranda/djtools/engine/importConvert.go:94.125,96.37 2 1
github.com/nateranda/djtools/engine/importConvert.go:96.37,98.3 1 1
github.com/nateranda/djtools/engine/importConvert.go:100.2,100.41 1 1
github.com/nateranda/djtools/engine/importConvert.go:100.41,104.30 3 1
github.com/nateranda/djtools/engine/importConvert.go:104.30,107.12 3 1
github.com/nateranda/djtools/engine/importConvert.go:110.3,114.17 4 1
github.com/nateranda/djtools/engine/importConvert.go:114.17,116.4 1 0
github.com/nateranda/djtools/engine/importConvert.go:117.3,118.17 2 1
github.com/nateranda/djtools/engine/importConvert.go:118.17,120.4 1 0
github.com/nateranda/djtools/engine/importConvert.go:122.3,125.40 3 1
github.com/nateranda/djtools/engine/importConvert.go:125.40,127.4 1 1
github.com/nateranda/djtools/engine/importConvert.go:127.9,129.4 1 1
github.com/nateranda/djtools/engine/importConvert.go:131.3,134.17 3 1
github.com/nateranda/djtools/engine/importConvert.go:134.17,136.4 1 0
github.com/nateranda/djtools/engine/importConvert.go:137.3,138.17 2 1
github.com/nateranda/djtools/engine/importConvert.go:138.17,140.4 1 0
github.com/nateranda/djtools/engine/importConvert.go:142.3,142.39 1 1
github.com/nateranda/djtools/engine/importConvert.go:142.39,144.4 1 1
github.com/nateranda/djtools/engine/importConvert.go:144.9,146.4 1 1
github.com/nateranda/djtools/engine/importConvert.go:148.3,151.17 3 1
github.com/nateranda/djtools/engine/importConvert.go:151.17,153.4 1 0
github.com/nateranda/djtools/engine/importConvert.go:155.3,157.70 3 1
github.com/nateranda/djtools/engine/importConvert.go:159.2,159.12 1 1
github.com/nateranda/djtools/engine/importConvert.go:162.80,163.37 1 1
github.com/nateranda/djtools/engine/importConvert.go:163.37,169.3 1 1
github.com/nateranda/djtools/engine/importConvert.go:172.78,173.38 1 1
github.com/nateranda/djtools/engine/importConvert.go:173.38,182.3 1 1
github.com/nateranda/djtools/engine/importConvert.go:185.80,187.37 2 1
github.com/nateranda/djtools/engine/importConvert.go:187.37,189.3 1 1
github.com/nateranda/djtools/engine/importConvert.go:191.2,191.46 1 1
github.com/nateranda/djtools/engine/importConvert.go:191.46,194.18 2 1
github.com/nateranda/djtools/engine/importConvert.go:194.18,195.12 1 0
github.com/nateranda/djtools/engine/importConvert.go:197.3,198.43 2 1
github.com/nateranda/djtools/engine/importConvert.go:202.115,203.22 1 1
github.com/nateranda/djtools/engine/importConvert.go:203.22,205.3 1 1
github.com/nateranda/djtools/engine/importConvert.go:207.2,208.16 2 1
github.com/nateranda/djtools/engine/importConvert.go:208.16,210.3 1 0
github.com/nateranda/djtools/engine/importConvert.go:212.2,218.37 4 1
github.com/nateranda/djtools/engine/importConvert.go:218.37,219.33 1 1
github.com/nateranda/djtools/engine/importConvert.go:219.33,221.4 1 1
github.com/nateranda/djtools/engine/importConvert.go:221.9,223.4 1 1
github.com/nateranda/djtools/engine/importConvert.go:226.2,227.16 2 1
github.com/nateranda/djtools/engine/importConvert.go:227.16,229.3 1 0
github.com/nateranda/djtools/engine/importConvert.go:232.2,232.43 1 1
github.com/nateranda/djtools/engine/importConvert.go:232.43,242.46 3 1
github.com/nateranda/djtools/engine/importConvert.go:242.46,244.4 1 1
github.com/nateranda/djtools/engine/importConvert.go:248.2,251.25 2 1
github.com/nateranda/djtools/engine/importConvert.go:251.25,257.44 4 1
github.com/nateranda/djtools/engine/importConvert.go:257.44,259.4 1 1
github.com/nateranda/djtools/engine/importConvert.go:262.3,262.38 1 1
github.com/nateranda/djtools/engine/importConvert.go:262.38,263.71 1 1
github.com/nateranda/djtools/engine/importConvert.go:263.71,265.5 1 1
github.com/nateranda/djtools/engine/importConvert.go:265.10,267.5 1 1
github.com/nateranda/djtools/engine/importConvert.go:271.3,272.17 2 1
github.com/nateranda/djtools/engine/importConvert.go:272.17,274.4 1 0
github.com/nateranda/djtools/engine/importConvert.go:277.3,277.47 1 1
github.com/nateranda/djtools/engine/importConvert.go:277.47,287.57 4 1
github.com/nateranda/djtools/engine/importConvert.go:287.57,289.5 1 1
github.com/nateranda/djtools/engine/importConvert.go:293.3,294.39 2 1
github.com/nateranda/djtools/engine/importConvert.go:296.2,296.12 1 1
github.com/nateranda/djtools/engine/importConvert.go:299.103,301.37 2 1
github.com/nateranda/djtools/engine/importConvert.go:301.37,303.3 1 1
github.com/nateranda/djtools/engine/importConvert.go:305.2,306.52 2 1
github.com/nateranda/djtools/engine/importConvert.go:306.52,308.3 1 1
github.com/nateranda/djtools/engine/importConvert.go:310.2,311.16 2 1
github.com/nateranda/djtools/engine/importConvert.go:311.16,313.3 1 0
github.com/nateranda/djtools/engine/importConvert.go:315.2,315.35 1 1
github.com/nateranda/djtools/engine/importConvert.go:315.35,323.37 5 1
github.com/nateranda/djtools/engine/importConvert.go:323.37,324.25 1 1
github.com/nateranda/djtools/engine/importConvert.go:324.25,325.10 1 1
github.com/nateranda/djtools/engine/importConvert.go:327.4,329.96 3 1
github.com/nateranda/djtools/engine/importConvert.go:333.2,333.23 1 1
github.com/nateranda/djtools/engine/importConvert.go:336.62,339.16 2 1
github.com/nateranda/djtools/engine/importConvert.go:339.16,341.3 1 0
github.com/nateranda/djtools/engine/importConvert.go:343.2,344.37 2 1
github.com/nateranda/djtools/engine/importConvert.go:344.37,346.3 1 1
github.com/nateranda/djtools/engine/importConvert.go:347.2,348.22 2 1
github.com/nateranda/djtools/engine/importConvert.go:348.22,351.3 2 1
github.com/nateranda/djtools/engine/importConvert.go:352.2,352.29 1 1
github.com/nateranda/djtools/engine/importConvert.go:355.59,357.37 2 1
github.com/nateranda/djtools/engine/importConvert.go:357.37,358.31 1 1
github.com/nateranda/djtools/engine/importConvert.go:358.31,360.4 1 1
github.com/nateranda/djtools/engine/importConvert.go:364.2,364.37 1 1
github.com/nateranda/djtools/engine/importConvert.go:364.37,365.55 1 1
github.com/nateranda/djtools/engine/importConvert.go:365.55,367.4 1 1
github.com/nateranda/djtools/engine/importConvert.go:369.2,369.72 1 0
github.com/nateranda/djtools/engine/importConvert.go:372.84,376.52 3 1
github.com/nateranda/djtools/engine/importConvert.go:376.52,377.39 1 1
github.com/nateranda/djtools/engine/importConvert.go:377.39,379.4 1 1
github.com/nateranda/djtools/engine/importConvert.go:383.2,383.52 1 1
github.com/nateranda/djtools/engine/importConvert.go:383.52,384.63 1 1
github.com/nateranda/djtools/engine/importConvert.go:384.63,386.4 1 1
github.com/nateranda/djtools/engine/importConvert.go:389.2,389.23 1 1
github.com/nateranda/djtools/engine/importConvert.go:389.23,391.3 1 0
github.com/nateranda/djtools/engine/importConvert.go:393.2,393.24 1 1
github.com/nateranda/djtools/engine/importConvert.go:396.54,397.20 1 1
github.com/nateranda/djtools/engine/importConvert.go:397.20,399.3 1 0
github.com/nateranda/djtools/engine/importConvert.go:401.2,412.23 7 1
github.com/nateranda/djtools/engine/importConvert.go:412.23,421.3 8 1
github.com/nateranda/djtools/engine/importConvert.go:424.2,426.23 3 1
github.com/nateranda/djtools/engine/importConvert.go:426.23,435.3 8 1
github.com/nateranda/djtools/engine/importConvert.go:437.2,437.22 1 1
github.com/nateranda/djtools/engine/importConvert.go:440.73,442.33 2 1
github.com/nateranda/djtools/engine/importConvert.go:442.33,449.3 6 1
github.com/nateranda/djtools/engine/importConvert.go:453.2,453.20 1 1
github.com/nateranda/djtools/engine/importConvert.go:453.20,455.33 2 1
github.com/nateranda/djtools/engine/importConvert.go:455.33,458.4 2 1
github.com/nateranda/djtools/engine/importConvert.go:461.2,461.13 1 1
github.com/nateranda/djtools/engine/importConvert.go:464.69,469.21 3 1
github.com/nateranda/djtools/engine/importConvert.go:469.21,471.23 2 1
github.com/nateranda/djtools/engine/importConvert.go:471.23,473.12 2 1
github.com/nateranda/djtools/engine/importConvert.go:475.3,489.17 15 1
github.com/nateranda/djtools/engine/importConvert.go:489.17,491.4 1 0
github.com/nateranda/djtools/engine/importConvert.go:492.3,493.51 2 1
github.com/nateranda/djtools/engine/importConvert.go:496.2,500.25 4 1
github.com/nateranda/djtools/engine/importConvert.go:503.73,506.21 3 1
github.com/nateranda/djtools/engine/importConvert.go:506.21,509.23 2 1
github.com/nateranda/djtools/engine/importConvert.go:509.23,511.12 2 1
github.com/nateranda/djtools/engine/importConvert.go:513.3,530.17 18 1
github.com/nateranda/djtools/engine/importConvert.go:530.17,532.4 1 0
github.com/nateranda/djtools/engine/importConvert.go:533.3,534.30 2 1
github.com/nateranda/djtools/engine/importConvert.go:537.2,537.19 1 1
github.com/nateranda/djtools/engine/importConvert.go:540.85,544.16 3 1
github.com/nateranda/djtools/engine/importConvert.go:544.16,546.3 1 0
github.com/nateranda/djtools/engine/importConvert.go:547.2,547.26 1 1
github.com/nateranda/djtools/engine/importExtract.go:9.50,14.16 4 1
github.com/nateranda/djtools/engine/importExtract.go:14.16,16.3 1 1
github.com/nateranda/djtools/engine/importExtract.go:17.2,18.16 2 1
github.com/nateranda/djtools/engine/importExtract.go:18.16,21.3 1 0
github.com/nateranda/djtools/engine/importExtract.go:22.2,24.16 3 1
github.com/nateranda/djtools/engine/importExtract.go:24.16,26.3 1 0
github.com/nateranda/djtools/engine/importExtract.go:27.2,29.16 3 1
github.com/nateranda/djtools/engine/importExtract.go:29.16,31.3 1 0
github.com/nateranda/djtools/engine/importExtract.go:32.2,33.16 2 1
github.com/nateranda/djtools/engine/importExtract.go:33.16,35.3 1 0
github.com/nateranda/djtools/engine/importExtract.go:36.2,37.16 2 1
github.com/nateranda/djtools/engine/importExtract.go:37.16,39.3 1 0
github.com/nateranda/djtools/engine/importExtract.go:40.2,41.23 2 1
github.com/nateranda/djtools/engine/importExtract.go:45.52,52.16 4 1
github.com/nateranda/djtools/engine/importExtract.go:52.16,54.3 1 0
github.com/nateranda/djtools/engine/importExtract.go:55.2,55.32 1 1
github.com/nateranda/djtools/engine/importExtract.go:55.32,57.3 1 1
github.com/nateranda/djtools/engine/importExtract.go:60.2,61.16 2 1
github.com/nateranda/djtools/engine/importExtract.go:61.16,63.3 1 0
github.com/nateranda/djtools/engine/importExtract.go:64.2,64.33 1 1
github.com/nateranda/djtools/engine/importExtract.go:64.33,66.3 1 0
github.com/nateranda/djtools/engine/importExtract.go:68.2,68.19 1 1
github.com/nateranda/djtools/engine/importExtract.go:71.64,73.34 2 1
github.com/nateranda/djtools/engine/importExtract.go:73.34,75.3 1 0
github.com/nateranda/djtools/engine/importExtract.go:76.2,79.16 4 1
github.com/nateranda/djtools/engine/importExtract.go:79.16,81.3 1 0
github.com/nateranda/djtools/engine/importExtract.go:82.2,82.18 1 1
github.com/nateranda/djtools/engine/importExtract.go:85.65,87.34 2 1
github.com/nateranda/djtools/engine/importExtract.go:87.34,89.3 1 0
github.com/nateranda/djtools/engine/importExtract.go:90.2,91.78 2 1
github.com/nateranda/djtools/engine/importExtract.go:91.78,95.3 3 1
github.com/nateranda/djtools/engine/importExtract.go:98.57,100.16 2 1
github.com/nateranda/djtools/engine/importExtract.go:100.16,102.3 1 0
github.com/nateranda/djtools/engine/importExtract.go:104.2,104.54 1 1
github.com/nateranda/djtools/engine/importExtract.go:104.54,105.16 1 1
github.com/nateranda/djtools/engine/importExtract.go:105.16,107.4 1 1
github.com/nateranda/djtools/engine/importExtract.go:108.3,108.33 1 1
github.com/nateranda/djtools/engine/importExtract.go:111.2,132.73 2 1
github.com/nateranda/djtools/engine/importExtract.go:132.73,143.3 3 1
github.com/nateranda/djtools/engine/importExtract.go:146.62,151.76 2 1
github.com/nateranda/djtools/engine/importExtract.go:151.76,155.3 3 1
github.com/nateranda/djtools/engine/importExtract.go:158.79,160.16 2 1
github.com/nateranda/djtools/engine/importExtract.go:160.16,162.3 1 0
github.com/nateranda/djtools/engine/importExtract.go:164.2,164.54 1 1
github.com/nateranda/djtools/engine/importExtract.go:164.54,165.16 1 1
github.com/nateranda/djtools/engine/importExtract.go:165.16,167.4 1 1
github.com/nateranda/djtools/engine/importExtract.go:168.3,168.33 1 0
github.com/nateranda/djtools/engine/importExtract.go:171.2,177.85 2 1
github.com/nateranda/djtools/engine/importExtract.go:177.85,182.3 3 1
github.com/nateranda/djtools/engine/importExtract.go:185.77,187.16 2 1
github.com/nateranda/djtools/engine/importExtract.go:187.16,189.3 1 0
github.com/nateranda/djtools/engine/importExtract.go:190.2,193.18 3 1
github.com/nateranda/djtools/engine/importExtract.go:193.18,199.83 6 1
github.com/nateranda/djtools/engine/importExtract.go:199.83,201.4 1 1
github.com/nateranda/djtools/engine/importExtract.go:203.2,203.18 1 1
github.com/nateranda/djtools/engine/importExtract.go:206.60,209.73 2 1
github.com/nateranda/djtools/engine/importExtract.go:209.73,213.3 3 1
github.com/nateranda/djtools/engine/importExtract.go:216.72,219.79 2 1
github.com/nateranda/djtools/engine/importExtract.go:219.79,224.3 3 1
github.com/nateranda/djtools/engine/importExtract.go:227.62,229.34 2 1
github.com/nateranda/djtools/engine/importExtract.go:229.34,231.3 1 0
github.com/nateranda/djtools/engine/importExtract.go:232.2,235.74 2 1
github.com/nateranda/djtools/engine/importExtract.go:235.74,240.3 3 1
github.com/nateranda/djtools/engine/importExtract.go:245.106,247.16 2 1
github.com/nateranda/djtools/engine/importExtract.go:247.16,249.3 1 1
github.com/nateranda/djtools/engine/importExtract.go:250.2,253.15 3 1
github.com/nateranda/djtools/engine/importExtract.go:253.15,255.17 2 1
github.com/nateranda/djtools/engine/importExtract.go:255.17,257.4 1 1
github.com/nateranda/djtools/engine/importExtract.go:258.3,258.34 1 1
github.com/nateranda/djtools/engine/importExtract.go:260.2,260.21 1 1
